// Jest Snapshot v1, https://goo.gl/fbAQLP

exports[`Page renders without crashing 1`] = `
<DocumentFragment>
  <div
    class="sc-pbJYR hNzbLI sc-pkfPC fCxHK"
  >
    <div
      class="sc-AxjAm sc-AxiKw bENblX"
      width="1"
    >
      <div
        class="sc-AxjAm sc-AxiKw iPzLAe"
        width="1"
      >
        <div
          class="sc-AxhCb fppuj"
          font-size="3"
        />
      </div>
    </div>
  </div>
</DocumentFragment>
`;
