// Jest Snapshot v1, https://goo.gl/fbAQLP

exports[`Donors Page renders without crashing 1`] = `
<DocumentFragment>
  <div
    class="sc-qOvoE hIfWnJ sc-qWSGh dpgLb"
  >
    <div
      class="sc-AxirZ sc-AxhCb sc-pAMRk cPkxDf"
      width="1"
    >
      <div
        class="sc-AxirZ sc-AxhCb iEMUrT"
        width="1"
      >
        <div
          class="sc-AxhUy sc-pIITJ gbtPxP"
          font-size="3"
        >
          Donors
        </div>
        <a
          class="sc-prPLn iZDbcF"
          href="/donors/new"
        >
          <button
            class="sc-ptEpz gxHfRx"
            color="primary"
          >
            New
          </button>
        </a>
      </div>
      <input
        class="sc-pdkfH sc-pjTIO dzGJal"
        id="search"
        placeholder="Search"
      />
      <div
        class="sc-AxirZ sc-AxhCb sc-pRFZy csfxgC"
        width="1"
      >
        <div
          class="sc-AxhUy ilqMHx"
        >
          No donors yet...
        </div>
      </div>
    </div>
  </div>
</DocumentFragment>
`;
