// Jest Snapshot v1, https://goo.gl/fbAQLP

exports[`Donors Page renders without crashing 1`] = `
<DocumentFragment>
  <div
    class="sc-pkfPC haHNKR sc-psDhf iAENMo"
  >
    <div
      class="sc-AxirZ sc-AxhCb jTGKnC"
      width="1"
    >
      <div
        class="sc-AxirZ sc-AxhCb iEMUrT"
        width="1"
      >
        <div
          class="sc-AxhUy sc-qQxFs hINyDI"
          font-size="3"
        >
          Donors
        </div>
        <a
          class="sc-oTzgz kDgGLK"
          href="/donors/new"
        >
          <button
            class="sc-pdjNk khqjdh"
            color="primary"
          >
            New
          </button>
        </a>
      </div>
      <input
        class="sc-qcrrk sc-pZdvY dxnELU"
        id="search"
        placeholder="Search"
      />
      <div
        class="sc-AxirZ sc-AxhCb sc-qYUWV eAOvAh"
        width="1"
      >
        <div
          class="sc-AxhUy ilqMHx"
        >
          No donors yet...
        </div>
      </div>
    </div>
  </div>
</DocumentFragment>
`;
