// Jest Snapshot v1, https://goo.gl/fbAQLP

exports[`DonorCard renders without crashing 1`] = `
<DocumentFragment>
  <div
    class="sc-pbJYR hNzbLI sc-pkfPC jpeBiC"
  >
    <div
      class="sc-AxjAm sc-qYsuA sc-psDhf knVLSd"
      color="background.lightest"
      width="1"
    >
      <div
        class="sc-AxhCb jTwMnz"
        color="text.darkest"
        font-size="1"
      />
      <div
        class="sc-AxhCb jMzzet"
        color="text.light"
        font-size="1"
      >
        Last Donation: -
      </div>
    </div>
  </div>
</DocumentFragment>
`;
