// Jest Snapshot v1, https://goo.gl/fbAQLP

exports[`DonorPage renders loading state 1`] = `
<DocumentFragment>
  <div
    class="sc-pkfPC haHNKR sc-psDhf iAENMo"
  >
    <div
      class="sc-AxirZ sc-AxhCb jTGKnC"
      width="1"
    >
      <div
        class="sc-AxirZ sc-AxhCb iEMUrT"
        width="1"
      >
        <div
          class="sc-AxhUy sc-qQxFs hINyDI"
          font-size="3"
        >
          <span>
            <span
              class="react-loading-skeleton css-1x45xix-skeletonStyles-Skeleton"
              style="width: 200px; height: 29px;"
            >
              ‌
            </span>
          </span>
        </div>
        <span>
          <span
            class="react-loading-skeleton css-1x45xix-skeletonStyles-Skeleton"
            style="width: 100px; height: 29px;"
          >
            ‌
          </span>
        </span>
      </div>
      <div
        class="sc-AxirZ sc-pCPXO sc-qYUWV kPjGTf sc-oTzgz kLGYlD"
        color="background.lightest"
        width="1"
      >
        <div
          class="sc-AxhUy gpDHNu"
          color="text.darkest"
          font-size="1"
        >
          <span>
            <span
              class="react-loading-skeleton css-1x45xix-skeletonStyles-Skeleton"
              style="width: 80%;"
            >
              ‌
            </span>
          </span>
        </div>
        <div
          class="sc-AxhUy gpDHNu"
          color="text.darkest"
          font-size="1"
        >
          <span>
            <span
              class="react-loading-skeleton css-1x45xix-skeletonStyles-Skeleton"
              style="width: 80%;"
            >
              ‌
            </span>
          </span>
        </div>
        <div
          class="sc-AxhUy gpDHNu"
          color="text.darkest"
          font-size="1"
        >
          <span>
            <span
              class="react-loading-skeleton css-1x45xix-skeletonStyles-Skeleton"
              style="width: 80%;"
            >
              ‌
            </span>
          </span>
        </div>
        <div
          class="sc-AxhUy gpDHNu"
          color="text.darkest"
          font-size="1"
        >
          <span>
            <span
              class="react-loading-skeleton css-1x45xix-skeletonStyles-Skeleton"
              style="width: 80%;"
            >
              ‌
            </span>
          </span>
        </div>
      </div>
      <div
        class="sc-AxirZ sc-AxhCb sc-pBlxj cDPXBJ"
        width="1"
      >
        <div
          class="sc-AxirZ sc-pCPXO sc-qYUWV kPjGTf sc-pRgDJ eZkolW"
          color="background.lightest"
          width="1"
        >
          <span>
            <span
              class="react-loading-skeleton css-1x45xix-skeletonStyles-Skeleton"
              style="width: 25%;"
            >
              ‌
            </span>
          </span>
          <span>
            <span
              class="react-loading-skeleton css-1x45xix-skeletonStyles-Skeleton"
              style="width: 50%;"
            >
              ‌
            </span>
          </span>
        </div>
        <div
          class="sc-AxirZ sc-pCPXO sc-qYUWV kPjGTf sc-pRgDJ eZkolW"
          color="background.lightest"
          width="1"
        >
          <span>
            <span
              class="react-loading-skeleton css-1x45xix-skeletonStyles-Skeleton"
              style="width: 25%;"
            >
              ‌
            </span>
          </span>
          <span>
            <span
              class="react-loading-skeleton css-1x45xix-skeletonStyles-Skeleton"
              style="width: 50%;"
            >
              ‌
            </span>
          </span>
        </div>
        <div
          class="sc-AxirZ sc-pCPXO sc-qYUWV kPjGTf sc-pRgDJ eZkolW"
          color="background.lightest"
          width="1"
        >
          <span>
            <span
              class="react-loading-skeleton css-1x45xix-skeletonStyles-Skeleton"
              style="width: 25%;"
            >
              ‌
            </span>
          </span>
          <span>
            <span
              class="react-loading-skeleton css-1x45xix-skeletonStyles-Skeleton"
              style="width: 50%;"
            >
              ‌
            </span>
          </span>
        </div>
      </div>
    </div>
  </div>
</DocumentFragment>
`;

exports[`DonorPage renders without crashing 1`] = `
<DocumentFragment>
  <div
    class="sc-pkfPC haHNKR sc-psDhf iAENMo"
  >
    <div
      class="sc-AxirZ sc-AxhCb jTGKnC"
      width="1"
    >
      <div
        class="sc-AxirZ sc-AxhCb iEMUrT"
        width="1"
      >
        <div
          class="sc-AxhUy sc-qQxFs hINyDI"
          font-size="3"
        >
          <span>
            <span
              class="react-loading-skeleton css-1x45xix-skeletonStyles-Skeleton"
              style="width: 200px; height: 29px;"
            >
              ‌
            </span>
          </span>
        </div>
        <span>
          <span
            class="react-loading-skeleton css-1x45xix-skeletonStyles-Skeleton"
            style="width: 100px; height: 29px;"
          >
            ‌
          </span>
        </span>
      </div>
      <div
        class="sc-AxirZ sc-pCPXO sc-qYUWV kPjGTf sc-oTzgz kLGYlD"
        color="background.lightest"
        width="1"
      >
        <div
          class="sc-AxhUy gpDHNu"
          color="text.darkest"
          font-size="1"
        >
          <span>
            <span
              class="react-loading-skeleton css-1x45xix-skeletonStyles-Skeleton"
              style="width: 80%;"
            >
              ‌
            </span>
          </span>
        </div>
        <div
          class="sc-AxhUy gpDHNu"
          color="text.darkest"
          font-size="1"
        >
          <span>
            <span
              class="react-loading-skeleton css-1x45xix-skeletonStyles-Skeleton"
              style="width: 80%;"
            >
              ‌
            </span>
          </span>
        </div>
        <div
          class="sc-AxhUy gpDHNu"
          color="text.darkest"
          font-size="1"
        >
          <span>
            <span
              class="react-loading-skeleton css-1x45xix-skeletonStyles-Skeleton"
              style="width: 80%;"
            >
              ‌
            </span>
          </span>
        </div>
        <div
          class="sc-AxhUy gpDHNu"
          color="text.darkest"
          font-size="1"
        >
          <span>
            <span
              class="react-loading-skeleton css-1x45xix-skeletonStyles-Skeleton"
              style="width: 80%;"
            >
              ‌
            </span>
          </span>
        </div>
      </div>
      <div
        class="sc-AxirZ sc-AxhCb sc-pBlxj cDPXBJ"
        width="1"
      >
        <div
          class="sc-AxirZ sc-pCPXO sc-qYUWV kPjGTf sc-pRgDJ eZkolW"
          color="background.lightest"
          width="1"
        >
          <span>
            <span
              class="react-loading-skeleton css-1x45xix-skeletonStyles-Skeleton"
              style="width: 25%;"
            >
              ‌
            </span>
          </span>
          <span>
            <span
              class="react-loading-skeleton css-1x45xix-skeletonStyles-Skeleton"
              style="width: 50%;"
            >
              ‌
            </span>
          </span>
        </div>
        <div
          class="sc-AxirZ sc-pCPXO sc-qYUWV kPjGTf sc-pRgDJ eZkolW"
          color="background.lightest"
          width="1"
        >
          <span>
            <span
              class="react-loading-skeleton css-1x45xix-skeletonStyles-Skeleton"
              style="width: 25%;"
            >
              ‌
            </span>
          </span>
          <span>
            <span
              class="react-loading-skeleton css-1x45xix-skeletonStyles-Skeleton"
              style="width: 50%;"
            >
              ‌
            </span>
          </span>
        </div>
        <div
          class="sc-AxirZ sc-pCPXO sc-qYUWV kPjGTf sc-pRgDJ eZkolW"
          color="background.lightest"
          width="1"
        >
          <span>
            <span
              class="react-loading-skeleton css-1x45xix-skeletonStyles-Skeleton"
              style="width: 25%;"
            >
              ‌
            </span>
          </span>
          <span>
            <span
              class="react-loading-skeleton css-1x45xix-skeletonStyles-Skeleton"
              style="width: 50%;"
            >
              ‌
            </span>
          </span>
        </div>
      </div>
    </div>
  </div>
</DocumentFragment>
`;
