// Jest Snapshot v1, https://goo.gl/fbAQLP

exports[`DonorPage renders loading state 1`] = `
<DocumentFragment>
  <div
    class="sc-pbJYR hNzbLI sc-pkfPC fQMEfn"
  >
    <div
      class="sc-AxjAm sc-AxiKw bENblX"
      width="1"
    >
      <div
        class="sc-AxjAm sc-AxiKw iPzLAe"
        width="1"
      >
        <div
          class="sc-AxhCb sc-psDhf lcjizo"
          font-size="3"
        >
          <span>
            <span
              class="react-loading-skeleton css-1x45xix-skeletonStyles-Skeleton"
              style="width: 200px; height: 29px;"
            >
              ‌
            </span>
          </span>
        </div>
        <span>
          <span
            class="react-loading-skeleton css-1x45xix-skeletonStyles-Skeleton"
            style="width: 100px; height: 29px;"
          >
            ‌
          </span>
        </span>
      </div>
      <div
        class="sc-AxjAm sc-qYsuA sc-qQxFs bUCIQq sc-pRgDJ jwnESE"
        color="background.lightest"
        width="1"
      >
        <div
          class="sc-AxhCb jTwMnz"
          color="text.darkest"
          font-size="1"
        >
          <span>
            <span
              class="react-loading-skeleton css-1x45xix-skeletonStyles-Skeleton"
              style="width: 80%;"
            >
              ‌
            </span>
          </span>
        </div>
        <div
          class="sc-AxhCb jTwMnz"
          color="text.darkest"
          font-size="1"
        >
          <span>
            <span
              class="react-loading-skeleton css-1x45xix-skeletonStyles-Skeleton"
              style="width: 80%;"
            >
              ‌
            </span>
          </span>
        </div>
        <div
          class="sc-AxhCb jTwMnz"
          color="text.darkest"
          font-size="1"
        >
          <span>
            <span
              class="react-loading-skeleton css-1x45xix-skeletonStyles-Skeleton"
              style="width: 80%;"
            >
              ‌
            </span>
          </span>
        </div>
        <div
          class="sc-AxhCb jTwMnz"
          color="text.darkest"
          font-size="1"
        >
          <span>
            <span
              class="react-loading-skeleton css-1x45xix-skeletonStyles-Skeleton"
              style="width: 80%;"
            >
              ‌
            </span>
          </span>
        </div>
      </div>
      <div
        class="sc-AxjAm sc-AxiKw sc-qYUWV jaYlYG"
        width="1"
      >
        <div
          class="sc-AxjAm sc-qYsuA sc-qQxFs bUCIQq sc-pBlxj fEneLh"
          color="background.lightest"
          width="1"
        >
          <span>
            <span
              class="react-loading-skeleton css-1x45xix-skeletonStyles-Skeleton"
              style="width: 25%;"
            >
              ‌
            </span>
          </span>
          <span>
            <span
              class="react-loading-skeleton css-1x45xix-skeletonStyles-Skeleton"
              style="width: 50%;"
            >
              ‌
            </span>
          </span>
        </div>
        <div
          class="sc-AxjAm sc-qYsuA sc-qQxFs bUCIQq sc-pBlxj fEneLh"
          color="background.lightest"
          width="1"
        >
          <span>
            <span
              class="react-loading-skeleton css-1x45xix-skeletonStyles-Skeleton"
              style="width: 25%;"
            >
              ‌
            </span>
          </span>
          <span>
            <span
              class="react-loading-skeleton css-1x45xix-skeletonStyles-Skeleton"
              style="width: 50%;"
            >
              ‌
            </span>
          </span>
        </div>
        <div
          class="sc-AxjAm sc-qYsuA sc-qQxFs bUCIQq sc-pBlxj fEneLh"
          color="background.lightest"
          width="1"
        >
          <span>
            <span
              class="react-loading-skeleton css-1x45xix-skeletonStyles-Skeleton"
              style="width: 25%;"
            >
              ‌
            </span>
          </span>
          <span>
            <span
              class="react-loading-skeleton css-1x45xix-skeletonStyles-Skeleton"
              style="width: 50%;"
            >
              ‌
            </span>
          </span>
        </div>
      </div>
    </div>
  </div>
</DocumentFragment>
`;

exports[`DonorPage renders without crashing 1`] = `
<DocumentFragment>
  <div
    class="sc-pbJYR hNzbLI sc-pkfPC fQMEfn"
  >
    <div
      class="sc-AxjAm sc-AxiKw bENblX"
      width="1"
    >
      <div
        class="sc-AxjAm sc-AxiKw iPzLAe"
        width="1"
      >
        <div
          class="sc-AxhCb sc-psDhf lcjizo"
          font-size="3"
        >
          <span>
            <span
              class="react-loading-skeleton css-1x45xix-skeletonStyles-Skeleton"
              style="width: 200px; height: 29px;"
            >
              ‌
            </span>
          </span>
        </div>
        <span>
          <span
            class="react-loading-skeleton css-1x45xix-skeletonStyles-Skeleton"
            style="width: 100px; height: 29px;"
          >
            ‌
          </span>
        </span>
      </div>
      <div
        class="sc-AxjAm sc-qYsuA sc-qQxFs bUCIQq sc-pRgDJ jwnESE"
        color="background.lightest"
        width="1"
      >
        <div
          class="sc-AxhCb jTwMnz"
          color="text.darkest"
          font-size="1"
        >
          <span>
            <span
              class="react-loading-skeleton css-1x45xix-skeletonStyles-Skeleton"
              style="width: 80%;"
            >
              ‌
            </span>
          </span>
        </div>
        <div
          class="sc-AxhCb jTwMnz"
          color="text.darkest"
          font-size="1"
        >
          <span>
            <span
              class="react-loading-skeleton css-1x45xix-skeletonStyles-Skeleton"
              style="width: 80%;"
            >
              ‌
            </span>
          </span>
        </div>
        <div
          class="sc-AxhCb jTwMnz"
          color="text.darkest"
          font-size="1"
        >
          <span>
            <span
              class="react-loading-skeleton css-1x45xix-skeletonStyles-Skeleton"
              style="width: 80%;"
            >
              ‌
            </span>
          </span>
        </div>
        <div
          class="sc-AxhCb jTwMnz"
          color="text.darkest"
          font-size="1"
        >
          <span>
            <span
              class="react-loading-skeleton css-1x45xix-skeletonStyles-Skeleton"
              style="width: 80%;"
            >
              ‌
            </span>
          </span>
        </div>
      </div>
      <div
        class="sc-AxjAm sc-AxiKw sc-qYUWV jaYlYG"
        width="1"
      >
        <div
          class="sc-AxjAm sc-qYsuA sc-qQxFs bUCIQq sc-pBlxj fEneLh"
          color="background.lightest"
          width="1"
        >
          <span>
            <span
              class="react-loading-skeleton css-1x45xix-skeletonStyles-Skeleton"
              style="width: 25%;"
            >
              ‌
            </span>
          </span>
          <span>
            <span
              class="react-loading-skeleton css-1x45xix-skeletonStyles-Skeleton"
              style="width: 50%;"
            >
              ‌
            </span>
          </span>
        </div>
        <div
          class="sc-AxjAm sc-qYsuA sc-qQxFs bUCIQq sc-pBlxj fEneLh"
          color="background.lightest"
          width="1"
        >
          <span>
            <span
              class="react-loading-skeleton css-1x45xix-skeletonStyles-Skeleton"
              style="width: 25%;"
            >
              ‌
            </span>
          </span>
          <span>
            <span
              class="react-loading-skeleton css-1x45xix-skeletonStyles-Skeleton"
              style="width: 50%;"
            >
              ‌
            </span>
          </span>
        </div>
        <div
          class="sc-AxjAm sc-qYsuA sc-qQxFs bUCIQq sc-pBlxj fEneLh"
          color="background.lightest"
          width="1"
        >
          <span>
            <span
              class="react-loading-skeleton css-1x45xix-skeletonStyles-Skeleton"
              style="width: 25%;"
            >
              ‌
            </span>
          </span>
          <span>
            <span
              class="react-loading-skeleton css-1x45xix-skeletonStyles-Skeleton"
              style="width: 50%;"
            >
              ‌
            </span>
          </span>
        </div>
      </div>
    </div>
  </div>
</DocumentFragment>
`;
