// Jest Snapshot v1, https://goo.gl/fbAQLP

exports[`RequisitionCreate renders without crashing 1`] = `
<DocumentFragment>
  <div
    class="sc-qOvoE hIfWnJ sc-qWSGh dpgLb"
  >
    <div
      class="sc-AxirZ sc-AxhCb sc-pAMRk cPkxDf"
      width="1"
    >
      <div
        class="sc-AxirZ sc-AxhCb iEMUrT"
        width="1"
      >
        <div
          class="sc-AxhUy sc-pIITJ gbtPxP"
          font-size="3"
        >
          New Requisition
        </div>
      </div>
      <div
        class="sc-AxirZ sc-AxhCb sc-pZCbX kEIMlE"
      >
        <div
          class="sc-AxirZ sc-AxhCb sc-oTaAA hapUIm"
        >
          <label
            class="sc-ptfmh cDYtMS className"
            color="border.light"
            font-size="10px"
            font-weight="bold"
          >
            <div
              class="sc-AxirZ sc-AxhCb czMtkd"
              width="1"
            >
              <select
                class="sc-plVHf jbMuUc sc-ptSuy sc-paWCZ bICCST"
                data-testid="employee-select"
                disabled=""
                font-size="2,,1"
                id="Employee / Volunteer"
              >
                <option
                  disabled=""
                  hidden=""
                  value=""
                >
                  Loading...
                </option>
              </select>
              <svg
                aria-hidden="true"
                class="sc-AxmLO fTwYWQ sc-fzqAui sc-pcZmk fxlvpJ"
                color="text.light"
                fill="currentcolor"
                focusable="false"
                height="24"
                role="img"
                tabindex="-1"
                viewBox="0 0 24 24"
                width="24"
              >
                <path
                  d="M7.4 8l4.6 4.6L16.6 8 18 9.4l-6 6-6-6L7.4 8z"
                />
              </svg>
            </div>
          </label>
          <label
            class="sc-ptfmh ibAoZD"
            color="border.light"
            font-size="1"
            font-weight="bold"
          >
            Description
            <textarea
              class="sc-pTUxa sc-qYVps gaUhZc"
              id="requisition-description"
            />
          </label>
          <div
            aria-expanded="false"
            aria-haspopup="listbox"
            aria-labelledby="downshift-0-label"
            role="combobox"
            style="position: relative; width: 100%;"
          >
            <input
              aria-autocomplete="list"
              aria-labelledby="downshift-0-label"
              autocomplete="off"
              class="sc-pdkfH jYnISK sc-qQlyE jmRcib"
              disabled=""
              font-size="2,,1"
              id="downshift-0-input"
              placeholder="Loading..."
              value=""
              width="1"
            />
            <div
              aria-labelledby="downshift-0-label"
              class="sc-AxirZ sc-pQfvp sc-pjTIO cGtXuM"
              height="256px"
              id="downshift-0-menu"
              role="listbox"
            />
          </div>
          <div
            class="sc-AxirZ sc-AxhCb sc-qYhBd fFHzQn"
            width="1"
          />
        </div>
        <div
          class="sc-AxirZ sc-AxhCb sc-pRFZy eQXfCz"
        >
          <button
            class="sc-ptEpz beoNIQ"
            color="tertiary"
            width="1"
          >
            Cancel
          </button>
          <button
            class="sc-ptEpz bUlphT"
            color="primary"
            width="1"
          >
            Save
          </button>
        </div>
      </div>
    </div>
  </div>
</DocumentFragment>
`;
