// Jest Snapshot v1, https://goo.gl/fbAQLP

exports[`LandingPage renders as expected 1`] = `
<DocumentFragment>
  <div
    class="sc-pbJYR hNzbLI sc-pkfPC fQMEfn"
  >
    <div
      class="sc-AxjAm sc-AxiKw sc-qQxFs hKrBSs"
      color="primary.light"
      width="1"
    >
      <a
        class="sc-psDhf gpxmSn"
        href="/donations/new"
      >
        <button
          class="sc-oUOMp kFWrxZ"
          color="primary"
          width="1"
        >
          New Donation
        </button>
      </a>
      <a
        class="sc-psDhf gpxmSn"
        href="/requisitions/new"
      >
        <button
          class="sc-oUOMp kFWrxZ"
          color="primary"
          width="1"
        >
          New Requisition
        </button>
      </a>
    </div>
  </div>
</DocumentFragment>
`;
