// Jest Snapshot v1, https://goo.gl/fbAQLP

exports[`LandingPage renders as expected 1`] = `
<DocumentFragment>
  <div
    class="sc-qOvoE hIfWnJ sc-qWSGh dpgLb"
  >
    <div
      class="sc-AxirZ sc-AxhCb sc-pIITJ iroxdQ"
      color="primary.light"
      width="1"
    >
      <a
        class="sc-pAMRk fwRIZg"
        href="/donations/new"
      >
        <button
          class="sc-ptEpz iOwfuJ"
          color="primary"
          width="1"
        >
          New Donation
        </button>
      </a>
      <a
        class="sc-pAMRk fwRIZg"
        href="/requisitions/new"
      >
        <button
          class="sc-ptEpz iOwfuJ"
          color="primary"
          width="1"
        >
          New Requisition
        </button>
      </a>
    </div>
  </div>
</DocumentFragment>
`;
