// Jest Snapshot v1, https://goo.gl/fbAQLP

exports[`AddressForm renders without crashing 1`] = `
<DocumentFragment>
  <div
    class="sc-pbJYR hNzbLI sc-pkfPC fCxHK"
  >
    <input
      class="sc-pTWqp sc-psDhf bvmjWf"
      font-size="2,,1"
      id="address"
      name="address"
      placeholder="Street Address"
      value=""
    />
    <div
      class="sc-AxjAm sc-AxiKw ivVODM"
      width="1"
    >
      <input
        class="sc-pTWqp sc-psDhf UrUUF"
        font-size="2,,1"
        id="city"
        name="city"
        placeholder="City"
        value=""
      />
      <div
        class="sc-AxjAm sc-AxiKw iSVrPI"
        width="1"
      >
        <select
          class="sc-pZCuu kQVKTB sc-oTaid sc-qQxFs glncUx"
          data-testid="province-select"
          font-size="2,,1"
          id="province"
          name="province"
        >
          <option
            value="AB"
          >
            Alberta
          </option>
          <option
            value="BC"
          >
            British Columbia
          </option>
          <option
            value="MB"
          >
            Manitoba
          </option>
          <option
            value="NB"
          >
            New Brunswick
          </option>
          <option
            value="NL"
          >
            Newfoundland and Labrador
          </option>
          <option
            value="NS"
          >
            Nova Scotia
          </option>
          <option
            value="ON"
          >
            Ontario
          </option>
          <option
            value="PE"
          >
            Prince Edward Island
          </option>
          <option
            value="QC"
          >
            Quebec
          </option>
          <option
            value="SK"
          >
            Saskatchewan
          </option>
          <option
            value="NT"
          >
            Northwest Territories
          </option>
          <option
            value="NU"
          >
            Nunavut
          </option>
          <option
            value="YT"
          >
            Yukon
          </option>
        </select>
        <svg
          aria-hidden="true"
          class="sc-Axmtr gXMRoh sc-fzqPZZ sc-pRFHb JnCiE"
          color="text.light"
          fill="currentcolor"
          focusable="false"
          height="24"
          role="img"
          tabindex="-1"
          viewBox="0 0 24 24"
          width="24"
        >
          <path
            d="M7.4 8l4.6 4.6L16.6 8 18 9.4l-6 6-6-6L7.4 8z"
          />
        </svg>
      </div>
    </div>
    <input
      class="sc-pTWqp sc-psDhf bvmjWf"
      font-size="2,,1"
      id="postal-code"
      name="postalCode"
      placeholder="Postal Code"
      value=""
    />
  </div>
</DocumentFragment>
`;
