// Jest Snapshot v1, https://goo.gl/fbAQLP

exports[`NewItemDonationForm renders without crashing 1`] = `
<DocumentFragment>
  <div
    class="sc-pbJYR hNzbLI sc-pkfPC jpeBiC"
  >
    <div
      class="sc-AxjAm sc-AxiKw sc-qQxFs cDVLUs"
    >
      <div
        class="sc-AxhCb wyOpT"
      >
        New Item
      </div>
      <div
        class="sc-AxjAm sc-AxiKw sc-qYUWV foBumL"
      >
        <div
          class="sc-AxjAm sc-AxiKw iSVrPI"
          width="1"
        >
          <select
            class="sc-pZCuu kQVKTB sc-oTaid fgxYOF"
            data-testid="item-type-select"
            font-size="2,,1"
            id="item-type-select"
          >
            <option
              disabled=""
            >
              Item Type
            </option>
            <option>
              Food
            </option>
            <option>
              Clothing
            </option>
            <option>
              Household Item
            </option>
            <option>
              Miscellaneous
            </option>
          </select>
          <svg
            aria-hidden="true"
            class="sc-Axmtr gXMRoh sc-fzqPZZ sc-pRFHb JnCiE"
            color="text.light"
            fill="currentcolor"
            focusable="false"
            height="24"
            role="img"
            tabindex="-1"
            viewBox="0 0 24 24"
            width="24"
          >
            <path
              d="M7.4 8l4.6 4.6L16.6 8 18 9.4l-6 6-6-6L7.4 8z"
            />
          </svg>
        </div>
      </div>
      <div
        class="sc-AxjAm sc-AxiKw sc-psDhf dCBSxT"
      />
    </div>
  </div>
</DocumentFragment>
`;
