// Jest Snapshot v1, https://goo.gl/fbAQLP

exports[`Form renders without crashing 1`] = `
<DocumentFragment>
  <div
    class="sc-pkfPC haHNKR sc-psDhf iAENMo"
  >
    <div
      class="sc-AxirZ sc-AxhCb sc-qYUWV irQtBP"
    >
      <div
        class="sc-AxirZ sc-AxhCb sc-pBlxj bOWLHE"
      >
        <input
          class="sc-qcrrk gTabPy"
          font-size="2,,1"
          placeholder="First Input"
        />
        <input
          class="sc-qcrrk gTabPy"
          font-size="2,,1"
          placeholder="Second Input"
        />
        <input
          class="sc-qcrrk gTabPy"
          font-size="2,,1"
          placeholder="Third Input"
        />
      </div>
      <div
        class="sc-AxirZ sc-AxhCb sc-qQxFs jbeWmJ"
      />
    </div>
  </div>
</DocumentFragment>
`;
