// Jest Snapshot v1, https://goo.gl/fbAQLP

exports[`DonationCreate renders without crashing 1`] = `
<DocumentFragment>
  <div
    class="sc-pkfPC haHNKR sc-psDhf iAENMo"
  >
    <div
      class="sc-AxirZ sc-AxhCb jTGKnC"
      width="1"
    >
      <div
        class="sc-AxirZ sc-AxhCb iEMUrT"
        width="1"
      >
        <div
          class="sc-AxhUy sc-qQxFs hINyDI"
          font-size="3"
        >
          New Donation
        </div>
      </div>
      <div
        class="sc-AxirZ sc-AxhCb sc-pBlxj dyrmdj"
      >
        <div
          class="sc-AxirZ sc-AxhCb sc-pJipy UdROK"
        >
          <label
            class="sc-pdKru dQCRbh className"
            color="border.light"
            font-size="10px"
            font-weight="bold"
          >
            <div
              class="sc-AxirZ sc-AxhCb czMtkd"
              width="1"
            >
              <select
                class="sc-oTaid bpOcmz sc-paWVw sc-pZdvY sQNhh"
                data-testid="employee-select"
                disabled=""
                font-size="2,,1"
                id="Donor"
              >
                <option
                  disabled=""
                  hidden=""
                  value=""
                >
                  Loading...
                </option>
              </select>
              <svg
                aria-hidden="true"
                class="sc-AxmLO fTwYWQ sc-fzoxKX sc-pZCuu bTxHcb"
                color="text.light"
                fill="currentcolor"
                focusable="false"
                height="24"
                role="img"
                tabindex="-1"
                viewBox="0 0 24 24"
                width="24"
              >
                <path
                  d="M7.4 8l4.6 4.6L16.6 8 18 9.4l-6 6-6-6L7.4 8z"
                />
              </svg>
            </div>
          </label>
          <input
            class="sc-qcrrk sc-pRgDJ bVomch"
            placeholder="Title"
            value=""
          />
          <label
            class="sc-pdKru cdArqF"
            color="border.light"
            font-size="1"
            font-weight="bold"
          >
            Description
            <textarea
              class="sc-pAYXY sc-pjGMk etJyOn"
              id="donation-description"
            />
          </label>
          <div
            aria-expanded="false"
            aria-haspopup="listbox"
            aria-labelledby="downshift-0-label"
            role="combobox"
            style="position: relative; width: 100%;"
          >
            <input
              aria-autocomplete="list"
              aria-labelledby="downshift-0-label"
              autocomplete="off"
              class="sc-qcrrk gTabPy sc-pjumZ kwDixD"
              disabled=""
              font-size="2,,1"
              id="downshift-0-input"
              placeholder="Loading..."
              value=""
              width="1"
            />
            <div
              aria-labelledby="downshift-0-label"
              class="sc-AxirZ sc-pCPXO sc-oTzgz kgmmcQ"
              height="256px"
              id="downshift-0-menu"
              role="listbox"
            />
          </div>
          <div
            class="sc-AxirZ sc-AxhCb sc-prrfo bGgMQs"
            width="1"
          />
          <label
            class="sc-pdKru jaMWOk"
            color="border.light"
            font-size="1"
            font-weight="bold"
          >
            Additional Notes
            <textarea
              class="sc-pAYXY sc-pjGMk cSpMZe"
              id="donation-notes"
            />
          </label>
        </div>
        <div
          class="sc-AxirZ sc-AxhCb sc-qYUWV cvxNOY"
        >
          <button
            class="sc-pdjNk cJMkLU"
            color="tertiary"
            width="1"
          >
            Cancel
          </button>
          <button
            class="sc-pdjNk dqYiIX"
            color="primary"
            width="1"
          >
            Save
          </button>
        </div>
      </div>
    </div>
  </div>
</DocumentFragment>
`;
