// Jest Snapshot v1, https://goo.gl/fbAQLP

exports[`FoodDonationForm renders without crashing 1`] = `
<DocumentFragment>
  <input
    class="sc-pTWqp sc-pkfPC eDayKI"
    font-size="2,,1"
    id="name"
    name="name"
    placeholder="Name"
    value=""
  />
  <input
    class="sc-pTWqp sc-pkfPC eDayKI"
    font-size="2,,1"
    id="description"
    name="description"
    placeholder="Description"
    value=""
  />
  <input
    class="sc-pTWqp sc-pkfPC eDayKI"
    font-size="2,,1"
    id="quantity"
    name="quantity"
    placeholder="Quantity"
    type="number"
    value=""
  />
  <input
    class="sc-pTWqp sc-pkfPC eDayKI"
    font-size="2,,1"
    id="retail-value"
    name="retailValue"
    placeholder="Retail Value ($)"
    type="number"
    value=""
  />
  <label
    class="sc-oVpqz cKfBma className"
    color="border.light"
    font-size="10px"
    font-weight="bold"
  >
    Condition
    <div
      class="sc-AxjAm sc-AxiKw iSVrPI"
      width="1"
    >
      <select
        class="sc-pZCuu jeUCDo sc-oTaid sc-psDhf bYPPgQ"
        data-testid="Condition"
        font-size="2,,1"
        id="condition"
        name="condition"
      >
        <option>
          Perfect
        </option>
        <option>
          Great
        </option>
        <option>
          Good
        </option>
        <option>
          Average
        </option>
        <option>
          Poor
        </option>
      </select>
      <svg
        aria-hidden="true"
        class="sc-Axmtr bsYOWx sc-fzqPZZ sc-pRFHb JnCiE"
        color="text.light"
        fill="currentcolor"
        focusable="false"
        height="24"
        role="img"
        tabindex="-1"
        viewBox="0 0 24 24"
        width="24"
      >
        <path
          d="M7.4 8l4.6 4.6L16.6 8 18 9.4l-6 6-6-6L7.4 8z"
        />
      </svg>
    </div>
  </label>
  <label
    class="sc-oVpqz cKfBma"
    color="border.light"
    font-size="10px"
    font-weight="bold"
  >
    Notes
    <textarea
      class="sc-qYhTA sc-qQxFs hnlQXd"
      id="notes"
      name="notes"
    />
  </label>
</DocumentFragment>
`;
