// Jest Snapshot v1, https://goo.gl/fbAQLP

exports[`DonorsList renders without crashing 1`] = `
<DocumentFragment>
  <div
    class="sc-pbJYR hNzbLI sc-pkfPC jpeBiC"
  >
    <div
      class="sc-AxjAm sc-AxiKw sc-psDhf iXvOkL"
      width="1"
    >
      <div
        class="sc-AxhCb exqJiw"
      >
        No donors yet...
      </div>
    </div>
  </div>
</DocumentFragment>
`;
