// Jest Snapshot v1, https://goo.gl/fbAQLP

exports[`DonorEditPage renders without crashing 1`] = `
<DocumentFragment>
  <div
    class="sc-pkfPC haHNKR sc-psDhf iAENMo"
  >
    <div
      class="sc-AxirZ sc-AxhCb jTGKnC"
      width="1"
    >
      <div
        class="sc-AxirZ sc-AxhCb iEMUrT"
        width="1"
      >
        <div
          class="sc-AxhUy sc-qQxFs hINyDI"
          font-size="3"
        >
          Donor Edit
        </div>
      </div>
      Content
    </div>
  </div>
</DocumentFragment>
`;
