// Jest Snapshot v1, https://goo.gl/fbAQLP

exports[`ModalHeader renders without crashing 1`] = `
<DocumentFragment>
  <div
    class="sc-pbJYR hNzbLI sc-pkfPC jpeBiC"
  >
    <div
      class="sc-AxjAm sc-AxiKw iYMgpq"
      color="primary.base"
      height="auto"
    >
      <div
        class="sc-AxjAm sc-AxiKw tOqmH"
      >
        <div
          class="sc-AxhCb wyOpT"
        />
      </div>
      <div
        class="sc-AxhCb ljfizs"
        font-size="1"
      />
    </div>
  </div>
</DocumentFragment>
`;
