// Jest Snapshot v1, https://goo.gl/fbAQLP

exports[`ClothesDonationForm renders without crashing 1`] = `
<DocumentFragment>
  <input
    class="sc-pTWqp bpshLo"
    font-size="2,,1"
    id="name"
    placeholder="Name"
    value=""
  />
  <input
    class="sc-pTWqp bpshLo"
    font-size="2,,1"
    id="description"
    placeholder="Description"
    value=""
  />
  <label
    class="sc-oVpqz cKfBma"
    color="border.light"
    font-size="10px"
    font-weight="bold"
  >
    Size
    <div
      class="sc-AxjAm sc-AxiKw iSVrPI"
      width="1"
    >
      <select
        class="sc-pZCuu jeUCDo sc-oTaid fgxYOF"
        data-testid="Size"
        font-size="2,,1"
        id="size"
      >
        <option>
          XS
        </option>
        <option>
          S
        </option>
        <option>
          M
        </option>
        <option>
          L
        </option>
        <option>
          XL
        </option>
        <option>
          XXL
        </option>
        <option>
          XXXL
        </option>
      </select>
      <svg
        aria-hidden="true"
        class="sc-Axmtr bsYOWx sc-fzqPZZ sc-pRFHb JnCiE"
        color="text.light"
        fill="currentcolor"
        focusable="false"
        height="24"
        role="img"
        tabindex="-1"
        viewBox="0 0 24 24"
        width="24"
      >
        <path
          d="M7.4 8l4.6 4.6L16.6 8 18 9.4l-6 6-6-6L7.4 8z"
        />
      </svg>
    </div>
  </label>
  <input
    class="sc-pTWqp bpshLo"
    font-size="2,,1"
    id="quantity"
    placeholder="Quantity"
    type="number"
    value=""
  />
  <label
    class="sc-oVpqz cKfBma"
    color="border.light"
    font-size="10px"
    font-weight="bold"
  >
    Notes
    <textarea
      class="sc-qYhTA kqinNZ"
      id="notes"
    />
  </label>
</DocumentFragment>
`;
