// Jest Snapshot v1, https://goo.gl/fbAQLP

exports[`HouseholdItemDonationForm renders without crashing 1`] = `
<DocumentFragment>
  <input
    class="sc-pTWqp sc-pkfPC eDayKI"
    font-size="2,,1"
    id="name"
    name="name"
    placeholder="Name"
    value=""
  />
  <input
    class="sc-pTWqp sc-pkfPC eDayKI"
    font-size="2,,1"
    id="description"
    name="description"
    placeholder="Description"
    value=""
  />
  <input
    class="sc-pTWqp sc-pkfPC eDayKI"
    font-size="2,,1"
    id="quantity"
    name="quantity"
    placeholder="Quantity"
    value=""
  />
  <label
    class="sc-oVpqz cKfBma"
    color="border.light"
    font-size="10px"
    font-weight="bold"
  >
    Notes
    <textarea
      class="sc-qYhTA sc-psDhf jmxhMl"
      id="notes"
      name="notes"
    />
  </label>
</DocumentFragment>
`;
