// Jest Snapshot v1, https://goo.gl/fbAQLP

exports[`ModalFooter renders without crashing 1`] = `
<DocumentFragment>
  <div
    class="sc-pkfPC haHNKR sc-psDhf iAENMo"
  >
    <div
      class="sc-AxirZ sc-AxhCb sc-qQxFs jZDUfG"
    >
      <button
        class="sc-pdjNk hgTuil"
        color="background.light"
      >
        Close
      </button>
      <button
        class="sc-pdjNk dpAQDg"
        color="primary"
      >
        Confirm
      </button>
    </div>
  </div>
</DocumentFragment>
`;
