// Jest Snapshot v1, https://goo.gl/fbAQLP

exports[`DonationCard renders without crashing 1`] = `
<DocumentFragment>
  <div
    class="sc-pbJYR hNzbLI sc-pkfPC fQMEfn"
  >
    <div
      class="sc-AxjAm sc-qYsuA sc-psDhf dOhwaS"
      color="background.lightest"
      width="1"
    >
      <div
        class="sc-AxhCb jTwMnz"
        color="text.darkest"
        font-size="1"
      />
      <div
        class="sc-AxhCb fYdZYD"
        color="text.darkest"
        font-size="1"
      >
        Donated: Unknown Donation Date
      </div>
    </div>
  </div>
</DocumentFragment>
`;
